// Jest Snapshot v1, https://goo.gl/fbAQLP

exports[`UserPage should match the snapshot 1`] = `
<div
  className="display-user-page"
>
  <h1
    className="project-logo"
    onClick={[Function]}
  >
    <svg
      aria-label="back"
      className="back-button"
      height="20"
      viewBox="0 0 512 512"
      width="20"
    >
      <path
        d="M217.9 256L345 129c9.4-9.4 9.4-24.6 0-33.9-9.4-9.4-24.6-9.3-34 0L167 239c-9.1 9.1-9.3 23.7-.7 33.1L310.9 417c4.7 4.7 10.9 7 17 7s12.3-2.3 17-7c9.4-9.4 9.4-24.6 0-33.9L217.9 256z"
      />
    </svg>
    <svg
      aria-hidden="true"
      data-view-component="true"
      height="32"
      version="1.1"
      viewBox="0 0 16 16"
      width="32"
    >
      <path
        d="M8 0c4.42 0 8 3.58 8 8a8.013 8.013 0 0 1-5.45 7.59c-.4.08-.55-.17-.55-.38 0-.27.01-1.13.01-2.2 0-.75-.25-1.23-.54-1.48 1.78-.2 3.65-.88 3.65-3.95 0-.88-.31-1.59-.82-2.15.08-.2.36-1.02-.08-2.12 0 0-.67-.22-2.2.82-.64-.18-1.32-.27-2-.27-.68 0-1.36.09-2 .27-1.53-1.03-2.2-.82-2.2-.82-.44 1.1-.16 1.92-.08 2.12-.51.56-.82 1.28-.82 2.15 0 3.06 1.86 3.75 3.64 3.95-.23.2-.44.55-.51 1.07-.46.21-1.61.55-2.33-.66-.15-.24-.6-.83-1.23-.82-.67.01-.27.38.01.53.34.19.73.9.82 1.13.16.45.68 1.31 2.69.94 0 .67.01 1.3.01 1.49 0 .21-.15.45-.55.38A7.995 7.995 0 0 1 0 8c0-4.42 3.58-8 8-8Z"
      />
    </svg>
    Github User Finder
  </h1>
  <div
    aria-label="user-info"
    className="user-info-card"
  >
    <p
      className="status-message"
    >
      Something went wrong please try again later!
    </p>
  </div>
</div>
`;
